// Jest Snapshot v1, https://goo.gl/fbAQLP

exports[`renders without crashing 1`] = `
ReactWrapper {
  Symbol(enzyme.__unrendered__): <ExchangeRateWidget
    apiUrl="/api/rates/latest"
    balance={
      Object {
        "EUR": 123,
        "GBP": 12322,
        "USD": 12,
      }
    }
    currencies={
      Array [
        "USD",
        "GBP",
        "EUR",
      ]
    }
    defaultFrom="EUR"
    defaultTo="USD"
    onCancel={[MockFunction]}
    onSubmit={[MockFunction]}
  />,
  Symbol(enzyme.__renderer__): Object {
    "batchedUpdates": [Function],
    "getNode": [Function],
    "render": [Function],
    "simulateError": [Function],
    "simulateEvent": [Function],
    "unmount": [Function],
  },
  Symbol(enzyme.__root__): [Circular],
  Symbol(enzyme.__node__): Object {
    "instance": ExchangeRateWidget {
      "_reactInternalFiber": FiberNode {
        "_debugID": 50,
        "_debugIsCurrentlyTiming": false,
        "_debugOwner": FiberNode {
          "_debugID": 49,
          "_debugIsCurrentlyTiming": false,
          "_debugOwner": null,
          "_debugSource": null,
          "actualDuration": 0,
          "actualStartTime": 0,
          "alternate": null,
          "child": [Circular],
          "effectTag": 1,
          "expirationTime": 0,
          "firstEffect": null,
          "index": 0,
          "key": null,
          "lastEffect": null,
          "memoizedProps": Object {
            "Component": [Function],
            "context": null,
            "props": Object {
              "apiUrl": "/api/rates/latest",
              "balance": Object {
                "EUR": 123,
                "GBP": 12322,
                "USD": 12,
              },
              "currencies": Array [
                "USD",
                "GBP",
                "EUR",
              ],
              "defaultFrom": "EUR",
              "defaultTo": "USD",
              "onCancel": [MockFunction],
              "onSubmit": [MockFunction],
            },
          },
          "memoizedState": Object {
            "context": null,
            "mount": true,
            "props": Object {
              "apiUrl": "/api/rates/latest",
              "balance": Object {
                "EUR": 123,
                "GBP": 12322,
                "USD": 12,
              },
              "currencies": Array [
                "USD",
                "GBP",
                "EUR",
              ],
              "defaultFrom": "EUR",
              "defaultTo": "USD",
              "onCancel": [MockFunction],
              "onSubmit": [MockFunction],
            },
          },
          "mode": 0,
          "nextEffect": null,
          "pendingProps": Object {
            "Component": [Function],
            "context": null,
            "props": Object {
              "apiUrl": "/api/rates/latest",
              "balance": Object {
                "EUR": 123,
                "GBP": 12322,
                "USD": 12,
              },
              "currencies": Array [
                "USD",
                "GBP",
                "EUR",
              ],
              "defaultFrom": "EUR",
              "defaultTo": "USD",
              "onCancel": [MockFunction],
              "onSubmit": [MockFunction],
            },
          },
          "ref": null,
          "return": FiberNode {
            "_debugID": 47,
            "_debugIsCurrentlyTiming": false,
            "_debugOwner": null,
            "_debugSource": null,
            "actualDuration": 0,
            "actualStartTime": 0,
            "alternate": FiberNode {
              "_debugID": 47,
              "_debugIsCurrentlyTiming": false,
              "_debugOwner": null,
              "_debugSource": null,
              "actualDuration": 0,
              "actualStartTime": 0,
              "alternate": [Circular],
              "child": null,
              "effectTag": 0,
              "expirationTime": 1,
              "firstEffect": null,
              "index": 0,
              "key": null,
              "lastEffect": null,
              "memoizedProps": null,
              "memoizedState": null,
              "mode": 0,
              "nextEffect": null,
              "pendingProps": null,
              "ref": null,
              "return": null,
              "selfBaseTime": 0,
              "sibling": null,
              "stateNode": Object {
                "containerInfo": <div>
                  loading
                </div>,
                "context": Object {},
                "current": [Circular],
                "earliestPendingTime": 0,
                "earliestSuspendedTime": 0,
                "finishedWork": null,
                "firstBatch": null,
                "hydrate": false,
                "latestPendingTime": 0,
                "latestPingedTime": 0,
                "latestSuspendedTime": 0,
                "nextScheduledRoot": null,
                "pendingChildren": null,
                "pendingCommitExpirationTime": 0,
                "pendingContext": null,
                "remainingExpirationTime": 0,
              },
              "tag": 3,
              "treeBaseTime": 0,
              "type": null,
              "updateQueue": Object {
                "baseState": null,
                "expirationTime": 1,
                "firstCapturedEffect": null,
                "firstCapturedUpdate": null,
                "firstEffect": null,
                "firstUpdate": Object {
                  "callback": null,
                  "expirationTime": 1,
                  "next": null,
                  "nextEffect": null,
                  "payload": Object {
                    "element": <WrapperComponent
                      Component={[Function]}
                      context={null}
                      props={
                        Object {
                          "apiUrl": "/api/rates/latest",
                          "balance": Object {
                            "EUR": 123,
                            "GBP": 12322,
                            "USD": 12,
                          },
                          "currencies": Array [
                            "USD",
                            "GBP",
                            "EUR",
                          ],
                          "defaultFrom": "EUR",
                          "defaultTo": "USD",
                          "onCancel": [MockFunction],
                          "onSubmit": [MockFunction],
                        }
                      }
                    />,
                  },
                  "tag": 0,
                },
                "lastCapturedEffect": null,
                "lastCapturedUpdate": null,
                "lastEffect": null,
                "lastUpdate": Object {
                  "callback": null,
                  "expirationTime": 1,
                  "next": null,
                  "nextEffect": null,
                  "payload": Object {
                    "element": <WrapperComponent
                      Component={[Function]}
                      context={null}
                      props={
                        Object {
                          "apiUrl": "/api/rates/latest",
                          "balance": Object {
                            "EUR": 123,
                            "GBP": 12322,
                            "USD": 12,
                          },
                          "currencies": Array [
                            "USD",
                            "GBP",
                            "EUR",
                          ],
                          "defaultFrom": "EUR",
                          "defaultTo": "USD",
                          "onCancel": [MockFunction],
                          "onSubmit": [MockFunction],
                        }
                      }
                    />,
                  },
                  "tag": 0,
                },
              },
            },
            "child": [Circular],
            "effectTag": 32,
            "expirationTime": 0,
            "firstEffect": [Circular],
            "index": 0,
            "key": null,
            "lastEffect": [Circular],
            "memoizedProps": null,
            "memoizedState": Object {
              "element": <WrapperComponent
                Component={[Function]}
                context={null}
                props={
                  Object {
                    "apiUrl": "/api/rates/latest",
                    "balance": Object {
                      "EUR": 123,
                      "GBP": 12322,
                      "USD": 12,
                    },
                    "currencies": Array [
                      "USD",
                      "GBP",
                      "EUR",
                    ],
                    "defaultFrom": "EUR",
                    "defaultTo": "USD",
                    "onCancel": [MockFunction],
                    "onSubmit": [MockFunction],
                  }
                }
              />,
            },
            "mode": 0,
            "nextEffect": null,
            "pendingProps": null,
            "ref": null,
            "return": null,
            "selfBaseTime": 0,
            "sibling": null,
            "stateNode": Object {
              "containerInfo": <div>
                loading
              </div>,
              "context": Object {},
              "current": [Circular],
              "earliestPendingTime": 0,
              "earliestSuspendedTime": 0,
              "finishedWork": null,
              "firstBatch": null,
              "hydrate": false,
              "latestPendingTime": 0,
              "latestPingedTime": 0,
              "latestSuspendedTime": 0,
              "nextScheduledRoot": null,
              "pendingChildren": null,
              "pendingCommitExpirationTime": 0,
              "pendingContext": null,
              "remainingExpirationTime": 0,
            },
            "tag": 3,
            "treeBaseTime": 0,
            "type": null,
            "updateQueue": Object {
              "baseState": Object {
                "element": <WrapperComponent
                  Component={[Function]}
                  context={null}
                  props={
                    Object {
                      "apiUrl": "/api/rates/latest",
                      "balance": Object {
                        "EUR": 123,
                        "GBP": 12322,
                        "USD": 12,
                      },
                      "currencies": Array [
                        "USD",
                        "GBP",
                        "EUR",
                      ],
                      "defaultFrom": "EUR",
                      "defaultTo": "USD",
                      "onCancel": [MockFunction],
                      "onSubmit": [MockFunction],
                    }
                  }
                />,
              },
              "expirationTime": 0,
              "firstCapturedEffect": null,
              "firstCapturedUpdate": null,
              "firstEffect": null,
              "firstUpdate": null,
              "lastCapturedEffect": null,
              "lastCapturedUpdate": null,
              "lastEffect": null,
              "lastUpdate": null,
            },
          },
          "selfBaseTime": 0,
          "sibling": null,
          "stateNode": WrapperComponent {
            "_reactInternalFiber": [Circular],
            "_reactInternalInstance": Object {},
            "context": Object {},
            "props": Object {
              "Component": [Function],
              "context": null,
              "props": Object {
                "apiUrl": "/api/rates/latest",
                "balance": Object {
                  "EUR": 123,
                  "GBP": 12322,
                  "USD": 12,
                },
                "currencies": Array [
                  "USD",
                  "GBP",
                  "EUR",
                ],
                "defaultFrom": "EUR",
                "defaultTo": "USD",
                "onCancel": [MockFunction],
                "onSubmit": [MockFunction],
              },
            },
            "refs": Object {},
            "state": Object {
              "context": null,
              "mount": true,
              "props": Object {
                "apiUrl": "/api/rates/latest",
                "balance": Object {
                  "EUR": 123,
                  "GBP": 12322,
                  "USD": 12,
                },
                "currencies": Array [
                  "USD",
                  "GBP",
                  "EUR",
                ],
                "defaultFrom": "EUR",
                "defaultTo": "USD",
                "onCancel": [MockFunction],
                "onSubmit": [MockFunction],
              },
            },
            "updater": Object {
              "enqueueForceUpdate": [Function],
              "enqueueReplaceState": [Function],
              "enqueueSetState": [Function],
              "isMounted": [Function],
            },
          },
          "tag": 2,
          "treeBaseTime": 0,
          "type": [Function],
          "updateQueue": null,
        },
        "_debugSource": null,
        "actualDuration": 0,
        "actualStartTime": 0,
        "alternate": null,
        "child": FiberNode {
          "_debugID": 51,
          "_debugIsCurrentlyTiming": false,
          "_debugOwner": null,
          "_debugSource": null,
          "actualDuration": 0,
          "actualStartTime": 0,
          "alternate": null,
          "child": null,
          "effectTag": 0,
          "expirationTime": 0,
          "firstEffect": null,
          "index": 0,
          "key": null,
          "lastEffect": null,
          "memoizedProps": "loading",
          "memoizedState": null,
          "mode": 0,
          "nextEffect": null,
          "pendingProps": "loading",
          "ref": null,
          "return": [Circular],
          "selfBaseTime": 0,
          "sibling": null,
          "stateNode": loading,
          "tag": 6,
          "treeBaseTime": 0,
          "type": null,
          "updateQueue": null,
        },
        "effectTag": 1,
        "expirationTime": 0,
        "firstEffect": null,
        "index": 0,
        "key": null,
        "lastEffect": null,
        "memoizedProps": Object {
          "apiUrl": "/api/rates/latest",
          "balance": Object {
            "EUR": 123,
            "GBP": 12322,
            "USD": 12,
          },
          "currencies": Array [
            "USD",
            "GBP",
            "EUR",
          ],
          "defaultFrom": "EUR",
          "defaultTo": "USD",
          "onCancel": [MockFunction],
          "onSubmit": [MockFunction],
        },
        "memoizedState": Object {
          "from": "EUR",
          "to": "USD",
        },
        "mode": 0,
        "nextEffect": null,
        "pendingProps": Object {
          "apiUrl": "/api/rates/latest",
          "balance": Object {
            "EUR": 123,
            "GBP": 12322,
            "USD": 12,
          },
          "currencies": Array [
            "USD",
            "GBP",
            "EUR",
          ],
          "defaultFrom": "EUR",
          "defaultTo": "USD",
          "onCancel": [MockFunction],
          "onSubmit": [MockFunction],
        },
        "ref": null,
        "return": FiberNode {
          "_debugID": 49,
          "_debugIsCurrentlyTiming": false,
          "_debugOwner": null,
          "_debugSource": null,
          "actualDuration": 0,
          "actualStartTime": 0,
          "alternate": null,
          "child": [Circular],
          "effectTag": 1,
          "expirationTime": 0,
          "firstEffect": null,
          "index": 0,
          "key": null,
          "lastEffect": null,
          "memoizedProps": Object {
            "Component": [Function],
            "context": null,
            "props": Object {
              "apiUrl": "/api/rates/latest",
              "balance": Object {
                "EUR": 123,
                "GBP": 12322,
                "USD": 12,
              },
              "currencies": Array [
                "USD",
                "GBP",
                "EUR",
              ],
              "defaultFrom": "EUR",
              "defaultTo": "USD",
              "onCancel": [MockFunction],
              "onSubmit": [MockFunction],
            },
          },
          "memoizedState": Object {
            "context": null,
            "mount": true,
            "props": Object {
              "apiUrl": "/api/rates/latest",
              "balance": Object {
                "EUR": 123,
                "GBP": 12322,
                "USD": 12,
              },
              "currencies": Array [
                "USD",
                "GBP",
                "EUR",
              ],
              "defaultFrom": "EUR",
              "defaultTo": "USD",
              "onCancel": [MockFunction],
              "onSubmit": [MockFunction],
            },
          },
          "mode": 0,
          "nextEffect": null,
          "pendingProps": Object {
            "Component": [Function],
            "context": null,
            "props": Object {
              "apiUrl": "/api/rates/latest",
              "balance": Object {
                "EUR": 123,
                "GBP": 12322,
                "USD": 12,
              },
              "currencies": Array [
                "USD",
                "GBP",
                "EUR",
              ],
              "defaultFrom": "EUR",
              "defaultTo": "USD",
              "onCancel": [MockFunction],
              "onSubmit": [MockFunction],
            },
          },
          "ref": null,
          "return": FiberNode {
            "_debugID": 47,
            "_debugIsCurrentlyTiming": false,
            "_debugOwner": null,
            "_debugSource": null,
            "actualDuration": 0,
            "actualStartTime": 0,
            "alternate": FiberNode {
              "_debugID": 47,
              "_debugIsCurrentlyTiming": false,
              "_debugOwner": null,
              "_debugSource": null,
              "actualDuration": 0,
              "actualStartTime": 0,
              "alternate": [Circular],
              "child": null,
              "effectTag": 0,
              "expirationTime": 1,
              "firstEffect": null,
              "index": 0,
              "key": null,
              "lastEffect": null,
              "memoizedProps": null,
              "memoizedState": null,
              "mode": 0,
              "nextEffect": null,
              "pendingProps": null,
              "ref": null,
              "return": null,
              "selfBaseTime": 0,
              "sibling": null,
              "stateNode": Object {
                "containerInfo": <div>
                  loading
                </div>,
                "context": Object {},
                "current": [Circular],
                "earliestPendingTime": 0,
                "earliestSuspendedTime": 0,
                "finishedWork": null,
                "firstBatch": null,
                "hydrate": false,
                "latestPendingTime": 0,
                "latestPingedTime": 0,
                "latestSuspendedTime": 0,
                "nextScheduledRoot": null,
                "pendingChildren": null,
                "pendingCommitExpirationTime": 0,
                "pendingContext": null,
                "remainingExpirationTime": 0,
              },
              "tag": 3,
              "treeBaseTime": 0,
              "type": null,
              "updateQueue": Object {
                "baseState": null,
                "expirationTime": 1,
                "firstCapturedEffect": null,
                "firstCapturedUpdate": null,
                "firstEffect": null,
                "firstUpdate": Object {
                  "callback": null,
                  "expirationTime": 1,
                  "next": null,
                  "nextEffect": null,
                  "payload": Object {
                    "element": <WrapperComponent
                      Component={[Function]}
                      context={null}
                      props={
                        Object {
                          "apiUrl": "/api/rates/latest",
                          "balance": Object {
                            "EUR": 123,
                            "GBP": 12322,
                            "USD": 12,
                          },
                          "currencies": Array [
                            "USD",
                            "GBP",
                            "EUR",
                          ],
                          "defaultFrom": "EUR",
                          "defaultTo": "USD",
                          "onCancel": [MockFunction],
                          "onSubmit": [MockFunction],
                        }
                      }
                    />,
                  },
                  "tag": 0,
                },
                "lastCapturedEffect": null,
                "lastCapturedUpdate": null,
                "lastEffect": null,
                "lastUpdate": Object {
                  "callback": null,
                  "expirationTime": 1,
                  "next": null,
                  "nextEffect": null,
                  "payload": Object {
                    "element": <WrapperComponent
                      Component={[Function]}
                      context={null}
                      props={
                        Object {
                          "apiUrl": "/api/rates/latest",
                          "balance": Object {
                            "EUR": 123,
                            "GBP": 12322,
                            "USD": 12,
                          },
                          "currencies": Array [
                            "USD",
                            "GBP",
                            "EUR",
                          ],
                          "defaultFrom": "EUR",
                          "defaultTo": "USD",
                          "onCancel": [MockFunction],
                          "onSubmit": [MockFunction],
                        }
                      }
                    />,
                  },
                  "tag": 0,
                },
              },
            },
            "child": [Circular],
            "effectTag": 32,
            "expirationTime": 0,
            "firstEffect": [Circular],
            "index": 0,
            "key": null,
            "lastEffect": [Circular],
            "memoizedProps": null,
            "memoizedState": Object {
              "element": <WrapperComponent
                Component={[Function]}
                context={null}
                props={
                  Object {
                    "apiUrl": "/api/rates/latest",
                    "balance": Object {
                      "EUR": 123,
                      "GBP": 12322,
                      "USD": 12,
                    },
                    "currencies": Array [
                      "USD",
                      "GBP",
                      "EUR",
                    ],
                    "defaultFrom": "EUR",
                    "defaultTo": "USD",
                    "onCancel": [MockFunction],
                    "onSubmit": [MockFunction],
                  }
                }
              />,
            },
            "mode": 0,
            "nextEffect": null,
            "pendingProps": null,
            "ref": null,
            "return": null,
            "selfBaseTime": 0,
            "sibling": null,
            "stateNode": Object {
              "containerInfo": <div>
                loading
              </div>,
              "context": Object {},
              "current": [Circular],
              "earliestPendingTime": 0,
              "earliestSuspendedTime": 0,
              "finishedWork": null,
              "firstBatch": null,
              "hydrate": false,
              "latestPendingTime": 0,
              "latestPingedTime": 0,
              "latestSuspendedTime": 0,
              "nextScheduledRoot": null,
              "pendingChildren": null,
              "pendingCommitExpirationTime": 0,
              "pendingContext": null,
              "remainingExpirationTime": 0,
            },
            "tag": 3,
            "treeBaseTime": 0,
            "type": null,
            "updateQueue": Object {
              "baseState": Object {
                "element": <WrapperComponent
                  Component={[Function]}
                  context={null}
                  props={
                    Object {
                      "apiUrl": "/api/rates/latest",
                      "balance": Object {
                        "EUR": 123,
                        "GBP": 12322,
                        "USD": 12,
                      },
                      "currencies": Array [
                        "USD",
                        "GBP",
                        "EUR",
                      ],
                      "defaultFrom": "EUR",
                      "defaultTo": "USD",
                      "onCancel": [MockFunction],
                      "onSubmit": [MockFunction],
                    }
                  }
                />,
              },
              "expirationTime": 0,
              "firstCapturedEffect": null,
              "firstCapturedUpdate": null,
              "firstEffect": null,
              "firstUpdate": null,
              "lastCapturedEffect": null,
              "lastCapturedUpdate": null,
              "lastEffect": null,
              "lastUpdate": null,
            },
          },
          "selfBaseTime": 0,
          "sibling": null,
          "stateNode": WrapperComponent {
            "_reactInternalFiber": [Circular],
            "_reactInternalInstance": Object {},
            "context": Object {},
            "props": Object {
              "Component": [Function],
              "context": null,
              "props": Object {
                "apiUrl": "/api/rates/latest",
                "balance": Object {
                  "EUR": 123,
                  "GBP": 12322,
                  "USD": 12,
                },
                "currencies": Array [
                  "USD",
                  "GBP",
                  "EUR",
                ],
                "defaultFrom": "EUR",
                "defaultTo": "USD",
                "onCancel": [MockFunction],
                "onSubmit": [MockFunction],
              },
            },
            "refs": Object {},
            "state": Object {
              "context": null,
              "mount": true,
              "props": Object {
                "apiUrl": "/api/rates/latest",
                "balance": Object {
                  "EUR": 123,
                  "GBP": 12322,
                  "USD": 12,
                },
                "currencies": Array [
                  "USD",
                  "GBP",
                  "EUR",
                ],
                "defaultFrom": "EUR",
                "defaultTo": "USD",
                "onCancel": [MockFunction],
                "onSubmit": [MockFunction],
              },
            },
            "updater": Object {
              "enqueueForceUpdate": [Function],
              "enqueueReplaceState": [Function],
              "enqueueSetState": [Function],
              "isMounted": [Function],
            },
          },
          "tag": 2,
          "treeBaseTime": 0,
          "type": [Function],
          "updateQueue": null,
        },
        "selfBaseTime": 0,
        "sibling": null,
        "stateNode": [Circular],
        "tag": 2,
        "treeBaseTime": 0,
        "type": [Function],
        "updateQueue": null,
      },
      "_reactInternalInstance": Object {},
      "context": Object {},
      "fetchData": [Function],
      "getExchangeRatio": [Function],
      "handleSubmit": [Function],
      "props": Object {
        "apiUrl": "/api/rates/latest",
        "balance": Object {
          "EUR": 123,
          "GBP": 12322,
          "USD": 12,
        },
        "currencies": Array [
          "USD",
          "GBP",
          "EUR",
        ],
        "defaultFrom": "EUR",
        "defaultTo": "USD",
        "onCancel": [MockFunction],
        "onSubmit": [MockFunction],
      },
      "refs": Object {},
      "state": Object {
        "from": "EUR",
        "to": "USD",
      },
      "updater": Object {
        "enqueueForceUpdate": [Function],
        "enqueueReplaceState": [Function],
        "enqueueSetState": [Function],
        "isMounted": [Function],
      },
    },
    "key": undefined,
    "nodeType": "class",
    "props": Object {
      "apiUrl": "/api/rates/latest",
      "balance": Object {
        "EUR": 123,
        "GBP": 12322,
        "USD": 12,
      },
      "currencies": Array [
        "USD",
        "GBP",
        "EUR",
      ],
      "defaultFrom": "EUR",
      "defaultTo": "USD",
      "onCancel": [MockFunction],
      "onSubmit": [MockFunction],
    },
    "ref": null,
    "rendered": "loading",
    "type": [Function],
  },
  Symbol(enzyme.__nodes__): Array [
    Object {
      "instance": ExchangeRateWidget {
        "_reactInternalFiber": FiberNode {
          "_debugID": 50,
          "_debugIsCurrentlyTiming": false,
          "_debugOwner": FiberNode {
            "_debugID": 49,
            "_debugIsCurrentlyTiming": false,
            "_debugOwner": null,
            "_debugSource": null,
            "actualDuration": 0,
            "actualStartTime": 0,
            "alternate": null,
            "child": [Circular],
            "effectTag": 1,
            "expirationTime": 0,
            "firstEffect": null,
            "index": 0,
            "key": null,
            "lastEffect": null,
            "memoizedProps": Object {
              "Component": [Function],
              "context": null,
              "props": Object {
                "apiUrl": "/api/rates/latest",
                "balance": Object {
                  "EUR": 123,
                  "GBP": 12322,
                  "USD": 12,
                },
                "currencies": Array [
                  "USD",
                  "GBP",
                  "EUR",
                ],
                "defaultFrom": "EUR",
                "defaultTo": "USD",
                "onCancel": [MockFunction],
                "onSubmit": [MockFunction],
              },
            },
            "memoizedState": Object {
              "context": null,
              "mount": true,
              "props": Object {
                "apiUrl": "/api/rates/latest",
                "balance": Object {
                  "EUR": 123,
                  "GBP": 12322,
                  "USD": 12,
                },
                "currencies": Array [
                  "USD",
                  "GBP",
                  "EUR",
                ],
                "defaultFrom": "EUR",
                "defaultTo": "USD",
                "onCancel": [MockFunction],
                "onSubmit": [MockFunction],
              },
            },
            "mode": 0,
            "nextEffect": null,
            "pendingProps": Object {
              "Component": [Function],
              "context": null,
              "props": Object {
                "apiUrl": "/api/rates/latest",
                "balance": Object {
                  "EUR": 123,
                  "GBP": 12322,
                  "USD": 12,
                },
                "currencies": Array [
                  "USD",
                  "GBP",
                  "EUR",
                ],
                "defaultFrom": "EUR",
                "defaultTo": "USD",
                "onCancel": [MockFunction],
                "onSubmit": [MockFunction],
              },
            },
            "ref": null,
            "return": FiberNode {
              "_debugID": 47,
              "_debugIsCurrentlyTiming": false,
              "_debugOwner": null,
              "_debugSource": null,
              "actualDuration": 0,
              "actualStartTime": 0,
              "alternate": FiberNode {
                "_debugID": 47,
                "_debugIsCurrentlyTiming": false,
                "_debugOwner": null,
                "_debugSource": null,
                "actualDuration": 0,
                "actualStartTime": 0,
                "alternate": [Circular],
                "child": null,
                "effectTag": 0,
                "expirationTime": 1,
                "firstEffect": null,
                "index": 0,
                "key": null,
                "lastEffect": null,
                "memoizedProps": null,
                "memoizedState": null,
                "mode": 0,
                "nextEffect": null,
                "pendingProps": null,
                "ref": null,
                "return": null,
                "selfBaseTime": 0,
                "sibling": null,
                "stateNode": Object {
                  "containerInfo": <div>
                    loading
                  </div>,
                  "context": Object {},
                  "current": [Circular],
                  "earliestPendingTime": 0,
                  "earliestSuspendedTime": 0,
                  "finishedWork": null,
                  "firstBatch": null,
                  "hydrate": false,
                  "latestPendingTime": 0,
                  "latestPingedTime": 0,
                  "latestSuspendedTime": 0,
                  "nextScheduledRoot": null,
                  "pendingChildren": null,
                  "pendingCommitExpirationTime": 0,
                  "pendingContext": null,
                  "remainingExpirationTime": 0,
                },
                "tag": 3,
                "treeBaseTime": 0,
                "type": null,
                "updateQueue": Object {
                  "baseState": null,
                  "expirationTime": 1,
                  "firstCapturedEffect": null,
                  "firstCapturedUpdate": null,
                  "firstEffect": null,
                  "firstUpdate": Object {
                    "callback": null,
                    "expirationTime": 1,
                    "next": null,
                    "nextEffect": null,
                    "payload": Object {
                      "element": <WrapperComponent
                        Component={[Function]}
                        context={null}
                        props={
                          Object {
                            "apiUrl": "/api/rates/latest",
                            "balance": Object {
                              "EUR": 123,
                              "GBP": 12322,
                              "USD": 12,
                            },
                            "currencies": Array [
                              "USD",
                              "GBP",
                              "EUR",
                            ],
                            "defaultFrom": "EUR",
                            "defaultTo": "USD",
                            "onCancel": [MockFunction],
                            "onSubmit": [MockFunction],
                          }
                        }
                      />,
                    },
                    "tag": 0,
                  },
                  "lastCapturedEffect": null,
                  "lastCapturedUpdate": null,
                  "lastEffect": null,
                  "lastUpdate": Object {
                    "callback": null,
                    "expirationTime": 1,
                    "next": null,
                    "nextEffect": null,
                    "payload": Object {
                      "element": <WrapperComponent
                        Component={[Function]}
                        context={null}
                        props={
                          Object {
                            "apiUrl": "/api/rates/latest",
                            "balance": Object {
                              "EUR": 123,
                              "GBP": 12322,
                              "USD": 12,
                            },
                            "currencies": Array [
                              "USD",
                              "GBP",
                              "EUR",
                            ],
                            "defaultFrom": "EUR",
                            "defaultTo": "USD",
                            "onCancel": [MockFunction],
                            "onSubmit": [MockFunction],
                          }
                        }
                      />,
                    },
                    "tag": 0,
                  },
                },
              },
              "child": [Circular],
              "effectTag": 32,
              "expirationTime": 0,
              "firstEffect": [Circular],
              "index": 0,
              "key": null,
              "lastEffect": [Circular],
              "memoizedProps": null,
              "memoizedState": Object {
                "element": <WrapperComponent
                  Component={[Function]}
                  context={null}
                  props={
                    Object {
                      "apiUrl": "/api/rates/latest",
                      "balance": Object {
                        "EUR": 123,
                        "GBP": 12322,
                        "USD": 12,
                      },
                      "currencies": Array [
                        "USD",
                        "GBP",
                        "EUR",
                      ],
                      "defaultFrom": "EUR",
                      "defaultTo": "USD",
                      "onCancel": [MockFunction],
                      "onSubmit": [MockFunction],
                    }
                  }
                />,
              },
              "mode": 0,
              "nextEffect": null,
              "pendingProps": null,
              "ref": null,
              "return": null,
              "selfBaseTime": 0,
              "sibling": null,
              "stateNode": Object {
                "containerInfo": <div>
                  loading
                </div>,
                "context": Object {},
                "current": [Circular],
                "earliestPendingTime": 0,
                "earliestSuspendedTime": 0,
                "finishedWork": null,
                "firstBatch": null,
                "hydrate": false,
                "latestPendingTime": 0,
                "latestPingedTime": 0,
                "latestSuspendedTime": 0,
                "nextScheduledRoot": null,
                "pendingChildren": null,
                "pendingCommitExpirationTime": 0,
                "pendingContext": null,
                "remainingExpirationTime": 0,
              },
              "tag": 3,
              "treeBaseTime": 0,
              "type": null,
              "updateQueue": Object {
                "baseState": Object {
                  "element": <WrapperComponent
                    Component={[Function]}
                    context={null}
                    props={
                      Object {
                        "apiUrl": "/api/rates/latest",
                        "balance": Object {
                          "EUR": 123,
                          "GBP": 12322,
                          "USD": 12,
                        },
                        "currencies": Array [
                          "USD",
                          "GBP",
                          "EUR",
                        ],
                        "defaultFrom": "EUR",
                        "defaultTo": "USD",
                        "onCancel": [MockFunction],
                        "onSubmit": [MockFunction],
                      }
                    }
                  />,
                },
                "expirationTime": 0,
                "firstCapturedEffect": null,
                "firstCapturedUpdate": null,
                "firstEffect": null,
                "firstUpdate": null,
                "lastCapturedEffect": null,
                "lastCapturedUpdate": null,
                "lastEffect": null,
                "lastUpdate": null,
              },
            },
            "selfBaseTime": 0,
            "sibling": null,
            "stateNode": WrapperComponent {
              "_reactInternalFiber": [Circular],
              "_reactInternalInstance": Object {},
              "context": Object {},
              "props": Object {
                "Component": [Function],
                "context": null,
                "props": Object {
                  "apiUrl": "/api/rates/latest",
                  "balance": Object {
                    "EUR": 123,
                    "GBP": 12322,
                    "USD": 12,
                  },
                  "currencies": Array [
                    "USD",
                    "GBP",
                    "EUR",
                  ],
                  "defaultFrom": "EUR",
                  "defaultTo": "USD",
                  "onCancel": [MockFunction],
                  "onSubmit": [MockFunction],
                },
              },
              "refs": Object {},
              "state": Object {
                "context": null,
                "mount": true,
                "props": Object {
                  "apiUrl": "/api/rates/latest",
                  "balance": Object {
                    "EUR": 123,
                    "GBP": 12322,
                    "USD": 12,
                  },
                  "currencies": Array [
                    "USD",
                    "GBP",
                    "EUR",
                  ],
                  "defaultFrom": "EUR",
                  "defaultTo": "USD",
                  "onCancel": [MockFunction],
                  "onSubmit": [MockFunction],
                },
              },
              "updater": Object {
                "enqueueForceUpdate": [Function],
                "enqueueReplaceState": [Function],
                "enqueueSetState": [Function],
                "isMounted": [Function],
              },
            },
            "tag": 2,
            "treeBaseTime": 0,
            "type": [Function],
            "updateQueue": null,
          },
          "_debugSource": null,
          "actualDuration": 0,
          "actualStartTime": 0,
          "alternate": null,
          "child": FiberNode {
            "_debugID": 51,
            "_debugIsCurrentlyTiming": false,
            "_debugOwner": null,
            "_debugSource": null,
            "actualDuration": 0,
            "actualStartTime": 0,
            "alternate": null,
            "child": null,
            "effectTag": 0,
            "expirationTime": 0,
            "firstEffect": null,
            "index": 0,
            "key": null,
            "lastEffect": null,
            "memoizedProps": "loading",
            "memoizedState": null,
            "mode": 0,
            "nextEffect": null,
            "pendingProps": "loading",
            "ref": null,
            "return": [Circular],
            "selfBaseTime": 0,
            "sibling": null,
            "stateNode": loading,
            "tag": 6,
            "treeBaseTime": 0,
            "type": null,
            "updateQueue": null,
          },
          "effectTag": 1,
          "expirationTime": 0,
          "firstEffect": null,
          "index": 0,
          "key": null,
          "lastEffect": null,
          "memoizedProps": Object {
            "apiUrl": "/api/rates/latest",
            "balance": Object {
              "EUR": 123,
              "GBP": 12322,
              "USD": 12,
            },
            "currencies": Array [
              "USD",
              "GBP",
              "EUR",
            ],
            "defaultFrom": "EUR",
            "defaultTo": "USD",
            "onCancel": [MockFunction],
            "onSubmit": [MockFunction],
          },
          "memoizedState": Object {
            "from": "EUR",
            "to": "USD",
          },
          "mode": 0,
          "nextEffect": null,
          "pendingProps": Object {
            "apiUrl": "/api/rates/latest",
            "balance": Object {
              "EUR": 123,
              "GBP": 12322,
              "USD": 12,
            },
            "currencies": Array [
              "USD",
              "GBP",
              "EUR",
            ],
            "defaultFrom": "EUR",
            "defaultTo": "USD",
            "onCancel": [MockFunction],
            "onSubmit": [MockFunction],
          },
          "ref": null,
          "return": FiberNode {
            "_debugID": 49,
            "_debugIsCurrentlyTiming": false,
            "_debugOwner": null,
            "_debugSource": null,
            "actualDuration": 0,
            "actualStartTime": 0,
            "alternate": null,
            "child": [Circular],
            "effectTag": 1,
            "expirationTime": 0,
            "firstEffect": null,
            "index": 0,
            "key": null,
            "lastEffect": null,
            "memoizedProps": Object {
              "Component": [Function],
              "context": null,
              "props": Object {
                "apiUrl": "/api/rates/latest",
                "balance": Object {
                  "EUR": 123,
                  "GBP": 12322,
                  "USD": 12,
                },
                "currencies": Array [
                  "USD",
                  "GBP",
                  "EUR",
                ],
                "defaultFrom": "EUR",
                "defaultTo": "USD",
                "onCancel": [MockFunction],
                "onSubmit": [MockFunction],
              },
            },
            "memoizedState": Object {
              "context": null,
              "mount": true,
              "props": Object {
                "apiUrl": "/api/rates/latest",
                "balance": Object {
                  "EUR": 123,
                  "GBP": 12322,
                  "USD": 12,
                },
                "currencies": Array [
                  "USD",
                  "GBP",
                  "EUR",
                ],
                "defaultFrom": "EUR",
                "defaultTo": "USD",
                "onCancel": [MockFunction],
                "onSubmit": [MockFunction],
              },
            },
            "mode": 0,
            "nextEffect": null,
            "pendingProps": Object {
              "Component": [Function],
              "context": null,
              "props": Object {
                "apiUrl": "/api/rates/latest",
                "balance": Object {
                  "EUR": 123,
                  "GBP": 12322,
                  "USD": 12,
                },
                "currencies": Array [
                  "USD",
                  "GBP",
                  "EUR",
                ],
                "defaultFrom": "EUR",
                "defaultTo": "USD",
                "onCancel": [MockFunction],
                "onSubmit": [MockFunction],
              },
            },
            "ref": null,
            "return": FiberNode {
              "_debugID": 47,
              "_debugIsCurrentlyTiming": false,
              "_debugOwner": null,
              "_debugSource": null,
              "actualDuration": 0,
              "actualStartTime": 0,
              "alternate": FiberNode {
                "_debugID": 47,
                "_debugIsCurrentlyTiming": false,
                "_debugOwner": null,
                "_debugSource": null,
                "actualDuration": 0,
                "actualStartTime": 0,
                "alternate": [Circular],
                "child": null,
                "effectTag": 0,
                "expirationTime": 1,
                "firstEffect": null,
                "index": 0,
                "key": null,
                "lastEffect": null,
                "memoizedProps": null,
                "memoizedState": null,
                "mode": 0,
                "nextEffect": null,
                "pendingProps": null,
                "ref": null,
                "return": null,
                "selfBaseTime": 0,
                "sibling": null,
                "stateNode": Object {
                  "containerInfo": <div>
                    loading
                  </div>,
                  "context": Object {},
                  "current": [Circular],
                  "earliestPendingTime": 0,
                  "earliestSuspendedTime": 0,
                  "finishedWork": null,
                  "firstBatch": null,
                  "hydrate": false,
                  "latestPendingTime": 0,
                  "latestPingedTime": 0,
                  "latestSuspendedTime": 0,
                  "nextScheduledRoot": null,
                  "pendingChildren": null,
                  "pendingCommitExpirationTime": 0,
                  "pendingContext": null,
                  "remainingExpirationTime": 0,
                },
                "tag": 3,
                "treeBaseTime": 0,
                "type": null,
                "updateQueue": Object {
                  "baseState": null,
                  "expirationTime": 1,
                  "firstCapturedEffect": null,
                  "firstCapturedUpdate": null,
                  "firstEffect": null,
                  "firstUpdate": Object {
                    "callback": null,
                    "expirationTime": 1,
                    "next": null,
                    "nextEffect": null,
                    "payload": Object {
                      "element": <WrapperComponent
                        Component={[Function]}
                        context={null}
                        props={
                          Object {
                            "apiUrl": "/api/rates/latest",
                            "balance": Object {
                              "EUR": 123,
                              "GBP": 12322,
                              "USD": 12,
                            },
                            "currencies": Array [
                              "USD",
                              "GBP",
                              "EUR",
                            ],
                            "defaultFrom": "EUR",
                            "defaultTo": "USD",
                            "onCancel": [MockFunction],
                            "onSubmit": [MockFunction],
                          }
                        }
                      />,
                    },
                    "tag": 0,
                  },
                  "lastCapturedEffect": null,
                  "lastCapturedUpdate": null,
                  "lastEffect": null,
                  "lastUpdate": Object {
                    "callback": null,
                    "expirationTime": 1,
                    "next": null,
                    "nextEffect": null,
                    "payload": Object {
                      "element": <WrapperComponent
                        Component={[Function]}
                        context={null}
                        props={
                          Object {
                            "apiUrl": "/api/rates/latest",
                            "balance": Object {
                              "EUR": 123,
                              "GBP": 12322,
                              "USD": 12,
                            },
                            "currencies": Array [
                              "USD",
                              "GBP",
                              "EUR",
                            ],
                            "defaultFrom": "EUR",
                            "defaultTo": "USD",
                            "onCancel": [MockFunction],
                            "onSubmit": [MockFunction],
                          }
                        }
                      />,
                    },
                    "tag": 0,
                  },
                },
              },
              "child": [Circular],
              "effectTag": 32,
              "expirationTime": 0,
              "firstEffect": [Circular],
              "index": 0,
              "key": null,
              "lastEffect": [Circular],
              "memoizedProps": null,
              "memoizedState": Object {
                "element": <WrapperComponent
                  Component={[Function]}
                  context={null}
                  props={
                    Object {
                      "apiUrl": "/api/rates/latest",
                      "balance": Object {
                        "EUR": 123,
                        "GBP": 12322,
                        "USD": 12,
                      },
                      "currencies": Array [
                        "USD",
                        "GBP",
                        "EUR",
                      ],
                      "defaultFrom": "EUR",
                      "defaultTo": "USD",
                      "onCancel": [MockFunction],
                      "onSubmit": [MockFunction],
                    }
                  }
                />,
              },
              "mode": 0,
              "nextEffect": null,
              "pendingProps": null,
              "ref": null,
              "return": null,
              "selfBaseTime": 0,
              "sibling": null,
              "stateNode": Object {
                "containerInfo": <div>
                  loading
                </div>,
                "context": Object {},
                "current": [Circular],
                "earliestPendingTime": 0,
                "earliestSuspendedTime": 0,
                "finishedWork": null,
                "firstBatch": null,
                "hydrate": false,
                "latestPendingTime": 0,
                "latestPingedTime": 0,
                "latestSuspendedTime": 0,
                "nextScheduledRoot": null,
                "pendingChildren": null,
                "pendingCommitExpirationTime": 0,
                "pendingContext": null,
                "remainingExpirationTime": 0,
              },
              "tag": 3,
              "treeBaseTime": 0,
              "type": null,
              "updateQueue": Object {
                "baseState": Object {
                  "element": <WrapperComponent
                    Component={[Function]}
                    context={null}
                    props={
                      Object {
                        "apiUrl": "/api/rates/latest",
                        "balance": Object {
                          "EUR": 123,
                          "GBP": 12322,
                          "USD": 12,
                        },
                        "currencies": Array [
                          "USD",
                          "GBP",
                          "EUR",
                        ],
                        "defaultFrom": "EUR",
                        "defaultTo": "USD",
                        "onCancel": [MockFunction],
                        "onSubmit": [MockFunction],
                      }
                    }
                  />,
                },
                "expirationTime": 0,
                "firstCapturedEffect": null,
                "firstCapturedUpdate": null,
                "firstEffect": null,
                "firstUpdate": null,
                "lastCapturedEffect": null,
                "lastCapturedUpdate": null,
                "lastEffect": null,
                "lastUpdate": null,
              },
            },
            "selfBaseTime": 0,
            "sibling": null,
            "stateNode": WrapperComponent {
              "_reactInternalFiber": [Circular],
              "_reactInternalInstance": Object {},
              "context": Object {},
              "props": Object {
                "Component": [Function],
                "context": null,
                "props": Object {
                  "apiUrl": "/api/rates/latest",
                  "balance": Object {
                    "EUR": 123,
                    "GBP": 12322,
                    "USD": 12,
                  },
                  "currencies": Array [
                    "USD",
                    "GBP",
                    "EUR",
                  ],
                  "defaultFrom": "EUR",
                  "defaultTo": "USD",
                  "onCancel": [MockFunction],
                  "onSubmit": [MockFunction],
                },
              },
              "refs": Object {},
              "state": Object {
                "context": null,
                "mount": true,
                "props": Object {
                  "apiUrl": "/api/rates/latest",
                  "balance": Object {
                    "EUR": 123,
                    "GBP": 12322,
                    "USD": 12,
                  },
                  "currencies": Array [
                    "USD",
                    "GBP",
                    "EUR",
                  ],
                  "defaultFrom": "EUR",
                  "defaultTo": "USD",
                  "onCancel": [MockFunction],
                  "onSubmit": [MockFunction],
                },
              },
              "updater": Object {
                "enqueueForceUpdate": [Function],
                "enqueueReplaceState": [Function],
                "enqueueSetState": [Function],
                "isMounted": [Function],
              },
            },
            "tag": 2,
            "treeBaseTime": 0,
            "type": [Function],
            "updateQueue": null,
          },
          "selfBaseTime": 0,
          "sibling": null,
          "stateNode": [Circular],
          "tag": 2,
          "treeBaseTime": 0,
          "type": [Function],
          "updateQueue": null,
        },
        "_reactInternalInstance": Object {},
        "context": Object {},
        "fetchData": [Function],
        "getExchangeRatio": [Function],
        "handleSubmit": [Function],
        "props": Object {
          "apiUrl": "/api/rates/latest",
          "balance": Object {
            "EUR": 123,
            "GBP": 12322,
            "USD": 12,
          },
          "currencies": Array [
            "USD",
            "GBP",
            "EUR",
          ],
          "defaultFrom": "EUR",
          "defaultTo": "USD",
          "onCancel": [MockFunction],
          "onSubmit": [MockFunction],
        },
        "refs": Object {},
        "state": Object {
          "from": "EUR",
          "to": "USD",
        },
        "updater": Object {
          "enqueueForceUpdate": [Function],
          "enqueueReplaceState": [Function],
          "enqueueSetState": [Function],
          "isMounted": [Function],
        },
      },
      "key": undefined,
      "nodeType": "class",
      "props": Object {
        "apiUrl": "/api/rates/latest",
        "balance": Object {
          "EUR": 123,
          "GBP": 12322,
          "USD": 12,
        },
        "currencies": Array [
          "USD",
          "GBP",
          "EUR",
        ],
        "defaultFrom": "EUR",
        "defaultTo": "USD",
        "onCancel": [MockFunction],
        "onSubmit": [MockFunction],
      },
      "ref": null,
      "rendered": "loading",
      "type": [Function],
    },
  ],
  Symbol(enzyme.__options__): Object {
    "adapter": ReactSixteenAdapter {
      "options": Object {
        "enableComponentDidUpdateOnSetState": true,
        "lifecycles": Object {
          "componentDidUpdate": Object {
            "onSetState": true,
          },
          "getDerivedStateFromProps": true,
          "getSnapshotBeforeUpdate": true,
          "setState": Object {
            "skipsComponentDidUpdateOnNullish": true,
          },
        },
      },
    },
    "attachTo": undefined,
    "hydrateIn": undefined,
  },
}
`;
